
> temp-app@0.1.0 build
> next build

npm : ΓÜá Warning: Next.js inferred your workspace root, but it may not be correct.
At line:1 char:1
+ npm run build > build_output.log 2>&1
+ ~~~~~~~~~~~~~~~~~~~~~~~~~~~~~~~~~~~~~
    + CategoryInfo              : NotSpecified: (Γ    Üá Warning: Ne...not     be correct.:String) [    ], RemoteException
    + FullyQualifiedError    Id : NativeCommandErr    or
 
 We detected multiple lockfiles and selected the directory of C:\Users\mgarbo\package-lock.json as the root directory.
 To silence this warning, set `turbopack.root` in your Next.js config, or consider removing one of the lockfiles if it's not needed.
   See https://nextjs.org/docs/app/api-reference/config/next-config-js/turbopack#root-directory for more information.
 Detected additional lockfiles: 
   * C:\Users\mgarbo\Antigravity- AI Automation\package-lock.json

Γû▓ Next.js 16.1.6 (Turbopack)

  Creating an optimized production build ...
